// Jest Snapshot v1, https://goo.gl/fbAQLP

exports[`the FooterLink component should match the snapshot 1`] = `
<a
  className="sc-bczRLJ keriIN"
/>
`;
