// Jest Snapshot v1, https://goo.gl/fbAQLP

exports[`the FooterBox component should match the snapshot 1`] = `
<footer
  className="sc-bczRLJ bpbShr"
/>
`;
