// Jest Snapshot v1, https://goo.gl/fbAQLP

exports[`the component renders correctly should match the snapshot 1`] = `
<img
  className="sc-bczRLJ cywwia"
/>
`;
