// Jest Snapshot v1, https://goo.gl/fbAQLP

exports[`the HeaderBox component should match the snapshot 1`] = `
<header
  className="sc-bczRLJ ksKPAx"
/>
`;
