// Jest Snapshot v1, https://goo.gl/fbAQLP

exports[`the component renders correctly should match the snapshot 1`] = `
<label
  className="control-label"
  data-testid="label-element"
  htmlFor=""
>
  Test label
</label>
`;
