// Jest Snapshot v1, https://goo.gl/fbAQLP

exports[`the UserTable component should match the snapshot 1`] = `
<div
  className="cds--data-table-content"
>
  <table
    aria-describedby={null}
    aria-labelledby={null}
    className="cds--data-table cds--data-table--lg"
  >
    <thead>
      <tr>
        <th
          data-testid="header-Column1-0"
          id="header-Column1-0"
          scope="col"
        >
          <div
            className="cds--table-header-label"
          >
            Column1
          </div>
        </th>
        <th
          data-testid="header-Column2-1"
          id="header-Column2-1"
          scope="col"
        >
          <div
            className="cds--table-header-label"
          >
            Column2
          </div>
        </th>
        <th
          data-testid="header-Column3-2"
          id="header-Column3-2"
          scope="col"
        >
          <div
            className="cds--table-header-label"
          >
            Column3
          </div>
        </th>
      </tr>
    </thead>
    <tbody
      aria-live="polite"
    >
      <tr
        id="row0"
      >
        <td>
          0
        </td>
        <td>
          User1FirstName
        </td>
        <td>
          User1LastName
        </td>
        <td>
          <div>
            <button
              aria-describedby={null}
              aria-pressed={null}
              className="cds--btn cds--btn--md cds--btn--primary"
              data-testid="button-delete-0"
              disabled={false}
              id="button-delete-0"
              onClick={[Function]}
              tabIndex={0}
              type="button"
            >
              Delete
              <svg
                aria-hidden={true}
                className="cds--btn__icon"
                fill="currentColor"
                focusable="false"
                height={16}
                preserveAspectRatio="xMidYMid meet"
                viewBox="0 0 32 32"
                width={16}
                xmlns="http://www.w3.org/2000/svg"
              >
                <path
                  d="M12 12H14V24H12zM18 12H20V24H18z"
                />
                <path
                  d="M4 6V8H6V28a2 2 0 002 2H24a2 2 0 002-2V8h2V6zM8 28V8H24V28zM12 2H20V4H12z"
                />
              </svg>
            </button>
          </div>
        </td>
      </tr>
      <tr
        id="row1"
      >
        <td>
          1
        </td>
        <td>
          User2FirstName
        </td>
        <td>
          User2LastName
        </td>
        <td>
          <div>
            <button
              aria-describedby={null}
              aria-pressed={null}
              className="cds--btn cds--btn--md cds--btn--primary"
              data-testid="button-delete-1"
              disabled={false}
              id="button-delete-1"
              onClick={[Function]}
              tabIndex={0}
              type="button"
            >
              Delete
              <svg
                aria-hidden={true}
                className="cds--btn__icon"
                fill="currentColor"
                focusable="false"
                height={16}
                preserveAspectRatio="xMidYMid meet"
                viewBox="0 0 32 32"
                width={16}
                xmlns="http://www.w3.org/2000/svg"
              >
                <path
                  d="M12 12H14V24H12zM18 12H20V24H18z"
                />
                <path
                  d="M4 6V8H6V28a2 2 0 002 2H24a2 2 0 002-2V8h2V6zM8 28V8H24V28zM12 2H20V4H12z"
                />
              </svg>
            </button>
          </div>
        </td>
      </tr>
    </tbody>
  </table>
</div>
`;
